// Vitest Snapshot v1

exports[`metrics datagen step > processes successfully 1`] = `
[
  [
    "public/data/metric/blockgroup/mCC45.json",
    "{\\"map\\":{\\"370630020211\\":{\\"y_2020\\":0,\\"y_2021\\":0,\\"y_2022\\":0},\\"370630023001\\":{\\"y_2020\\":null,\\"y_2021\\":null,\\"y_2022\\":null}},\\"w\\":{\\"370630020211\\":{\\"y_2020\\":2,\\"y_2021\\":2,\\"y_2022\\":2},\\"370630023001\\":{\\"y_2020\\":0,\\"y_2021\\":0,\\"y_2022\\":0}}}",
  ],
  [
    "public/data/metric/tract/mMEDAGE.json",
    "{\\"a\\":{\\"37063000101\\":{\\"y_2017\\":4.9,\\"y_2018\\":4.1,\\"y_2019\\":5.4},\\"37063000102\\":{\\"y_2017\\":3.3,\\"y_2018\\":2.8,\\"y_2019\\":3.7},\\"37063000200\\":{\\"y_2017\\":2.1,\\"y_2018\\":2,\\"y_2019\\":1.6}},\\"map\\":{\\"37063000101\\":{\\"y_2017\\":35.34216,\\"y_2018\\":33.87659,\\"y_2019\\":37.32345},\\"37063000102\\":{\\"y_2017\\":33.76298,\\"y_2018\\":35.87612,\\"y_2019\\":35.87126},\\"37063000200\\":{\\"y_2017\\":33.87678,\\"y_2018\\":34.76834,\\"y_2019\\":35.78251}}}",
  ],
]
`;
